{
    "type": "CertificateShelley",
    "description": "Stake Address Registration Certificate",
    "cborHex": "82008201581cb9ff787a6dedf9ebe602a26352803778805428c7521b99ec7542aa01"
}
