delegate-keys/delegate1.counter
delegate-keys/delegate1.kes.skey
delegate-keys/delegate1.kes.vkey
delegate-keys/delegate1.skey
delegate-keys/delegate1.vkey
delegate-keys/delegate1.vrf.skey
delegate-keys/delegate1.vrf.vkey
delegate-keys/delegate2.counter
delegate-keys/delegate2.kes.skey
delegate-keys/delegate2.kes.vkey
delegate-keys/delegate2.skey
delegate-keys/delegate2.vkey
delegate-keys/delegate2.vrf.skey
delegate-keys/delegate2.vrf.vkey
delegate-keys/opcert1.cert
delegate-keys/opcert2.cert
genesis-keys/genesis1.skey
genesis-keys/genesis1.vkey
genesis-keys/genesis2.skey
genesis-keys/genesis2.vkey
genesis.alonzo.json
genesis.alonzo.spec.json
genesis.conway.json
genesis.conway.spec.json
genesis.json
genesis.spec.json
module
pools/bulk1.creds
pools/bulk2.creds
pools/cold1.skey
pools/cold1.vkey
pools/cold2.skey
pools/cold2.vkey
pools/cold3.skey
pools/cold3.vkey
pools/cold4.skey
pools/cold4.vkey
pools/kes1.skey
pools/kes1.vkey
pools/kes2.skey
pools/kes2.vkey
pools/kes3.skey
pools/kes3.vkey
pools/kes4.skey
pools/kes4.vkey
pools/opcert1.cert
pools/opcert1.counter
pools/opcert2.cert
pools/opcert2.counter
pools/opcert3.cert
pools/opcert3.counter
pools/opcert4.cert
pools/opcert4.counter
pools/staking-reward1.skey
pools/staking-reward1.vkey
pools/staking-reward2.skey
pools/staking-reward2.vkey
pools/staking-reward3.skey
pools/staking-reward3.vkey
pools/staking-reward4.skey
pools/staking-reward4.vkey
pools/vrf1.skey
pools/vrf1.vkey
pools/vrf2.skey
pools/vrf2.vkey
pools/vrf3.skey
pools/vrf3.vkey
pools/vrf4.skey
pools/vrf4.vkey
utxo-keys/utxo1.skey
utxo-keys/utxo1.vkey
utxo-keys/utxo2.skey
utxo-keys/utxo2.vkey
utxo-keys/utxo3.skey
utxo-keys/utxo3.vkey