delegate-keys/README.md
delegate-keys/delegate1/kes.skey
delegate-keys/delegate1/kes.vkey
delegate-keys/delegate1/key.skey
delegate-keys/delegate1/key.vkey
delegate-keys/delegate1/opcert.cert
delegate-keys/delegate1/opcert.counter
delegate-keys/delegate1/vrf.skey
delegate-keys/delegate1/vrf.vkey
delegate-keys/delegate2/kes.skey
delegate-keys/delegate2/kes.vkey
delegate-keys/delegate2/key.skey
delegate-keys/delegate2/key.vkey
delegate-keys/delegate2/opcert.cert
delegate-keys/delegate2/opcert.counter
delegate-keys/delegate2/vrf.skey
delegate-keys/delegate2/vrf.vkey
genesis-keys/README.md
genesis-keys/genesis1/key.skey
genesis-keys/genesis1/key.vkey
genesis-keys/genesis2/key.skey
genesis-keys/genesis2/key.vkey
genesis.json
pools-keys/README.md
pools-keys/pool1/cold.skey
pools-keys/pool1/cold.vkey
pools-keys/pool1/kes.skey
pools-keys/pool1/kes.vkey
pools-keys/pool1/opcert.cert
pools-keys/pool1/opcert.counter
pools-keys/pool1/staking-reward.skey
pools-keys/pool1/staking-reward.vkey
pools-keys/pool1/vrf.skey
pools-keys/pool1/vrf.vkey
pools-keys/pool2/cold.skey
pools-keys/pool2/cold.vkey
pools-keys/pool2/kes.skey
pools-keys/pool2/kes.vkey
pools-keys/pool2/opcert.cert
pools-keys/pool2/opcert.counter
pools-keys/pool2/staking-reward.skey
pools-keys/pool2/staking-reward.vkey
pools-keys/pool2/vrf.skey
pools-keys/pool2/vrf.vkey
utxo-keys/README.md
utxo-keys/utxo1/utxo.skey
utxo-keys/utxo1/utxo.vkey
utxo-keys/utxo2/utxo.skey
utxo-keys/utxo2/utxo.vkey
utxo-keys/utxo3/utxo.skey
utxo-keys/utxo3/utxo.vkey