An error occurred while converting from the cardano-api cost models to the cardano-ledger cost models. Error: <string> Cost models: fromList []