{
    "type": "Governance voting procedures",
    "description": "",
    "cborHex": "a18200581c96ded47e88ee07c28ec3c2bf5ea156e37e544ff5beb5348d3c653282a1825820d21d997b5dbdd90180b642c3f4f2653cea629f6134cd9dc820d0fe6f11b54af4008201f6"
}
