{
    "cborHex": "<cborHex>",
    "description": "",
    "type": "Governance proposal"
}
