The decoded cost model was empty at: "some/file.txt"