Error decoding JSON cost model at "some/file.txt": "some error"