Constitution encoded in a format different than UTF-8: Cannot decode input: seq