{
    "94": {
        "map": [
            {
                "k": {
                    "int": 2
                },
                "v": {
                    "bytes": "29093fd43fc30ba31e306af06ce8537390e1668ae7496fe53d53684683c3762c"
                }
            },
            {
                "k": {
                    "int": 3
                },
                "v": {
                    "int": 0
                }
            }
        ]
    }
}