{
    "type": "GovernancePoll",
    "description": "An on-chain poll for SPOs: What is the most adequate topping to put on a pizza (please consider all possibilities and take time to answer)?",
    "cborHex": "a1185ea2008278405768617420697320746865206d6f737420616465717561746520746f7070696e6720746f20707574206f6e20612070697a7a612028706c6561736520636f6e7378306964657220616c6c20706f73736962696c697469657320616e642074616b652074696d6520746f20616e73776572293f0182816a70696e656170706c65738278406f6e6c7920747261646974696f6e616c20746f706963732073686f756c6420676f206f6e20612070697a7a612c20746869732069736e277420726f6f6d20666f6772206a6f6b6573"
}
