TextEnvelope type error:  Expected one of: <string>, <string> Actual: <string>