Cannot get stake credential: Vote delegation not supported in Shelley era.