Cannot get stake credential: Stake address deposit required.