Script hash: 581c6df41fc4a246b092be25af52ef47626f1d33d244c98d3885250f42ce
Script language: PlutusV3
Protocol version: Version 9
Script arguments: 
   ScriptInfo: CertifyingScript 0 (TxCertRegStaking (ScriptCredential c61bfa1c138524b69f378bc69504322f39289ce554d549db4d1e2b50) (Just 400000))
   TxInfo:
     TxId: d87ed9269be7e0c12b12b01431d90c05587867beda0f72904fb811c9ec0f99d0
     Inputs: [ a789d54c466c766fb4bc5e09cbcd7a0a46097567e4ff6062095562a7404b9cbf!0 -> - Value {getValue = Map {unMap = [(,Map {unMap = [("",5000000)]})]}} addressed to
                                                                                       ScriptCredential: c61bfa1c138524b69f378bc69504322f39289ce554d549db4d1e2b50 (no staking credential)
                                                                                       with datum
                                                                                       datum hash:  03170a2e7597b7b7e3d84c05391d139a62b157e78786d8c082f29dcf4c111314
                                                                                       with referenceScript
                                                                                        ]
     Reference inputs: []
     Outputs: [ - Value {getValue = Map {unMap = [(,Map {unMap = [("",2000000)]}),(c61bfa1c138524b69f378bc69504322f39289ce554d549db4d1e2b50,Map {unMap = [("MillarCoin",5)]})]}} addressed to
                  PubKeyCredential: c5bcaf94f20751ab72ca6e62995883a72b70b0d874ea68ea09790e93 (no staking credential)
                  with datum
                  no datum
                  with referenceScript

              , - Value {getValue = Map {unMap = [(,Map {unMap = [("",1000000)]})]}} addressed to
                  PubKeyCredential: c5bcaf94f20751ab72ca6e62995883a72b70b0d874ea68ea09790e93 (no staking credential)
                  with datum
                  datum hash:  ee155ace9c40292074cb6aff8c9ccdd273c81648ff1149ef36bcea6ebb8a3e25
                  with referenceScript

              , - Value {getValue = Map {unMap = [(,Map {unMap = [("",15000005000000)]})]}} addressed to
                  PubKeyCredential: 29233e5ff430dd25b9146f5f38de1235861deac704441ca0b06af912 (no staking credential)
                  with datum
                  no datum
                  with referenceScript
                   ]
     Fee: 0
     Value minted: UnsafeMintValue (Map {unMap = [(c61bfa1c138524b69f378bc69504322f39289ce554d549db4d1e2b50,Map {unMap = [("MillarCoin",5)]})]})
     TxCerts: [ TxCertRegStaking (ScriptCredential c61bfa1c138524b69f378bc69504322f39289ce554d549db4d1e2b50) (Just 400000) ]
     Wdrl: []
     Valid range: (-∞ , +∞)
     Signatories: []
     Redeemers: [ ( Spending (TxOutRef {txOutRefId = a789d54c466c766fb4bc5e09cbcd7a0a46097567e4ff6062095562a7404b9cbf, txOutRefIdx = 0})
                , 0 )
                , ( Minting c61bfa1c138524b69f378bc69504322f39289ce554d549db4d1e2b50
                , 0 )
                , ( Certifying 0 (TxCertRegStaking (ScriptCredential c61bfa1c138524b69f378bc69504322f39289ce554d549db4d1e2b50) (Just 400000))
                , 0 ) ]
     Datums: [ ( 03170a2e7597b7b7e3d84c05391d139a62b157e78786d8c082f29dcf4c111314
             , 0 )
             , ( ee155ace9c40292074cb6aff8c9ccdd273c81648ff1149ef36bcea6ebb8a3e25
             , 1 ) ]
     Votes: []
     Proposal Procedures: []
     Current Treasury Amount: 
     Treasury Donation: 
   Redeemer:
     0
Script evaluation error: Cost model parameters were not as we expected
Script execution logs: Example logs

Script base64 encoded arguments: 2Hmf2Hmfn9h5n9h5n1ggp4nVTEZsdm+0vF4Jy816CkYJdWfk/2BiCVVip0BLnL8A/9h5n9h5n9h6n1gcxhv6HBOFJLafN4vGlQQyLzkonOVU1UnbTR4rUP/YeoD/oUChQBoATEtA2HqfWCADFwoudZe3t+PYTAU5HROaYrFX54eG2MCC8p3PTBETFP/YeoD///+An9h5n9h5n9h5n1gcxbyvlPIHUatyym5imViDpytwsNh06mjqCXkOk//YeoD/okChQBoAHoSAWBzGG/ocE4Uktp83i8aVBDIvOSic5VTVSdtNHitQoUpNaWxsYXJDb2luBdh5gNh6gP/YeZ/YeZ/YeZ9YHMW8r5TyB1GrcspuYplYg6crcLDYdOpo6gl5DpP/2HqA/6FAoUAaAA9CQNh6n1gg7hVazpxAKSB0y2r/jJzN0nPIFkj/EUnvNrzqbruKPiX/2HqA/9h5n9h5n9h5n1gcKSM+X/Qw3SW5FG9fON4SNYYd6scERBygsGr5Ev/YeoD/oUChQBsAAA2kdfg7QNh5gNh6gP//AKFYHMYb+hwThSS2nzeLxpUEMi85KJzlVNVJ200eK1ChSk1pbGxhckNvaW4Fn9h5n9h6n1gcxhv6HBOFJLafN4vGlQQyLzkonOVU1UnbTR4rUP/YeZ8aAAYagP///6DYeZ/YeZ/YeYDYeoD/2Hmf2HuA2HqA//+Ao9h6n9h5n1ggp4nVTEZsdm+0vF4Jy816CkYJdWfk/2BiCVVip0BLnL8A//8A2HmfWBzGG/ocE4Uktp83i8aVBDIvOSic5VTVSdtNHitQ/wDYfJ8A2Hmf2HqfWBzGG/ocE4Uktp83i8aVBDIvOSic5VTVSdtNHitQ/9h5nxoABhqA////AKJYIAMXCi51l7e349hMBTkdE5pisVfnh4bYwILync9MERMUAFgg7hVazpxAKSB0y2r/jJzN0nPIFkj/EUnvNrzqbruKPiUBWCDYftkmm+fgwSsSsBQx2QwFWHhnvtoPcpBPuBHJ7A+Z0KCA2HqA2HqA/wDYfJ8A2Hmf2HqfWBzGG/ocE4Uktp83i8aVBDIvOSic5VTVSdtNHitQ/9h5nxoABhqA/////w==
Script base64 encoded bytes: NTkwZTczNTkwZTcwMDEwMDAwMzIzMjMzMjIzMzIyMzMyMjMyMzIzMjMyMzIzMjMyMzIzMjMyMzIzMjMyMjUzMzU1MzM1MzUzNTMyMzIzMjUzMzUzMzM1NzM0NjZlMWQyMDAwMDAyMDEzMDEyMTMyMzIzMjMyMzIzMzMyMjIxMjMzMzAwMTAwNDAwMzAwMjMyMzIzMjUzMzUzMzM1NzM0NjZlMWQyMDAwMDAyMDFiMDFhMTMyMzIzMjMyMzIzMjMyMzIzMjMyMzIzMjMyMzIzMjMyMzMzMzMzMzMzMzMzMjMzMzIzMzIzMzIyMjIyMjIyMjIyMjIyMjIxMjMzMzMzMzMzMzMzMzMzMzMwMDEwMTEwMTAwMGYwMGUwMGQwMGMwMGIwMGEwMDkwMDgwMDcwMDYwMDUwMDQwMDMwMDIzMDAxMzU3NDIwMjg2MDAyNmFlODQwNGNjMDk0OGM4YzhjOTRjZDRjY2Q1Y2QxOWI4NzQ4MDAwMDA4MGM0MGMwNGNjODg0OGNjMDA0MDBjMDA4YzA3NGQ1ZDA4MDA5ODAyOWFiYTEzNTc0NDAwMjI2MDU4OTIwMTAzNTA1NDMxMDAzNTU3M2MwMDQ2YWFlNzQwMDRkZDUwMDA5OTgxMjgwMDlhYmExMDExMjMyMzIzMjUzMzUzMzM1NzM0NjZlMWQyMDAwMDAyMDMwMDJmMTMyMzIzMzMzMjIyMjEyMzMzMzAwMTAwNTAwNDAwMzAwMjMyMzIzMjUzMzUzMzM1NzM0NjZlMWQyMDAwMDAyMDM1MDM0MTMzMjIxMjMzMDAxMDAzMDAyMzAyZTM1NzQyMDAyNjYwNWU0NjQ2NDY0YTY2YTY2NmFlNjhjZGMzYTQwMDAwMDQwNzIwNzAyNjQyNDQ2MDA0MDA2NjA2NDZhZTg0MDA0NTRjZDRjY2Q1Y2QxOWI4NzQ4MDA4MDA4MGU0MGUwNGM4Y2NjODg4NDg4Y2NjMDA0MDE0MDEwMDBjZGQ2OWFiYTEwMDIzNzVhNmFlODQwMDRkZDY5YWJhMTM1NzQ0MDAyNmFlODgwMDQ0YzBkMTI0MDEwMzUwNTQzMTAwMzU1NzNjMDA0NmFhZTc0MDA0ZGQ1MDAwOWFiYTEzNTc0NDAwMjI2MDYwOTIwMTAzNTA1NDMxMDAzNTU3M2MwMDQ2YWFlNzQwMDRkZDUxYWJhMTAwMzMwMDczNTc0MjAwNDY0NjQ2NGE2NmE2NjZhZTY4Y2RjM2E0MDAwMDA0MDZhMDY4MjI0NDQwMDYyYTY2YTY2NmFlNjhjZGMzYTQwMDQwMDQwNmEwNjgyNjQyNDQ0NjAwMjAwODZlYjhkNWQwODAwOGE5OWE5OTlhYjlhMzM3MGU5MDAyMDAxMDFhODFhMDk5MDkxMTE4MDEwMDIxYWJhMTAwMTEzMDMwNDkwMTAzNTA1NDMxMDAzNTU3M2MwMDQ2YWFlNzQwMDRkZDUxYWJhMTAwMTMzMDJjNzVjNmFlODRkNWQxMDAwOWFiYTIwMDEzNTc0NDAwMjI2MDU2OTIwMTAzNTA1NDMxMDAzNTU3M2MwMDQ2YWFlNzQwMDRkZDUwMDA5YmFkMzU3NDIwMWU2MDAyNmFlODQwMzhjMDA4YzAwOWQ2OTk4MTE4MGE5YWJhMTAwYzMzMzAyNzAyNDc1YTZhZTg0MDJjYzhjOGM5NGNkNGNjZDVjZDE5Yjg3NDgwMDAwMDgwYjgwYjQ0Y2M4ODQ4Y2MwMDQwMGMwMDhjOGM4Yzk0Y2Q0Y2NkNWNkMTliODc0ODAwMDAwODBjNDBjMDRjYzg4NDhjYzAwNDAwYzAwOGNjMDlkZDY5YWJhMTAwMTMwMjYzNTc0MjZhZTg4MDA0NGMwYjEyNDEwMzUwNTQzMTAwMzU1NzNjMDA0NmFhZTc0MDA0ZGQ1MWFiYTEwMDEzMjMyMzI1MzM1MzMzNTczNDY2ZTFkMjAwMDAwMjAzMTAzMDEzMzIyMTIzMzAwMTAwMzAwMjMzMDI3NzVhNmFlODQwMDRjMDk4ZDVkMDlhYmEyMDAxMTMwMmM0OTEwMzUwNTQzMTAwMzU1NzNjMDA0NmFhZTc0MDA0ZGQ1MWFiYTEzNTc0NDAwMjI2MDUyOTIxMDM1MDU0MzEwMDM1NTczYzAwNDZhYWU3NDAwNGRkNTFhYmExMDBhMzMwMjM3NWM2YWU4NDAyNGNjYzA5YzhjOGM4Yzk0Y2Q0Y2NkNWNkMTliODc0ODAwMDAwODBiYzBiODRjODQ4ODg4ODhjMDE0MDFjZGQ3MWFiYTEwMDExNTMzNTMzMzU3MzQ2NmUxZDIwMDIwMDIwMmYwMmUxMzIxMjIyMjIyMzAwMjAwNzMwMWIzNTc0MjAwMjJhNjZhNjY2YWU2OGNkYzNhNDAwODAwNDA1ZTA1YzI2NDI0NDQ0NDQ2MDA2MDBlNjA1MDZhZTg0MDA0NTRjZDRjY2Q1Y2QxOWI4NzQ4MDE4MDA4MGJjMGI4NGNjODg0ODg4ODg4Y2MwMTgwMjAwMWNkZDY5YWJhMTAwMTMwMTkzNTc0MjZhZTg4MDA0NTRjZDRjY2Q1Y2QxOWI4NzQ4MDIwMDA4MGJjMGI4NGM4NDg4ODg4OGMwMDQwMWNjMDY4ZDVkMDgwMDhhOTlhOTk5YWI5YTMzNzBlOTAwNTAwMTAxNzgxNzA5OTkxMDkxMTExMTE5ODAyMDA0MDAzOWJhZDM1NzQyMDAyNjAzMDZhZTg0ZDVkMTAwMDg5ODE1MjQ4MTAzNTA1NDMxMDAzNTU3M2MwMDQ2YWFlNzQwMDRkZDUwMDA4MGY5YWJhMTAwODMzMDAyMDFmMzU3NDIwMGU2ZWI4ZDVkMDgwMzE5OTgxMzgwYjE5ODEzODExMTE5MTkxOTI5OWE5OTlhYjlhMzM3MGU5MDAwMDAxMDE3ODE3MDg5MTEwMDEwYTk5YTk5OWFiOWEzMzcwZTkwMDEwMDEwMTc4MTcwODkxMTAwMDhhOTlhOTk5YWI5YTMzNzBlOTAwMjAwMTAxNzgxNzA4OTExMDAxODk4MTUyNDgxMDM1MDU0MzEwMDM1NTczYzAwNDZhYWU3NDAwNGRkNTAwMDlhYmExMDA1MzMwMjMwMTQzNTc0MjAwODYwMDI2YWU4NDAwY2MwMDRkNWQwOWFiYTIwMDMzMDI0NzVhNjA0YWViOGQ1ZDEwMDA5YWJhMjAwMTM1NzQ0MDAyNmFlODgwMDRkNWQxMDAwOWFiYTIwMDEzNTc0NDAwMjZhZTg4MDA0ZDVkMTAwMDlhYmEyMDAxMzU3NDQwMDI2YWU4ODAwNGQ1ZDEwMDA5YWJhMjAwMTEzMDE2NDkxMDM1MDU0MzEwMDM1NTczYzAwNDZhYWU3NDAwNGRkNTFhYmExMDA2MzU3NDIwMGE2NDY0NjRhNjZhNjY2YWU2OGNkYzNhNDAwMDAwNDAzNjAzNDI2NDI0NDQ0NDQ2MDBhMDBlNmViOGQ1ZDA4MDA4YTk5YTk5OWFiOWEzMzcwZTkwMDEwMDEwMGQ4MGQwOTk5MTA5MTExMTExOTgwMTAwNDAwMzk4MDM5YWJhMTAwMTMzMDE1MDBmMzU3NDI2YWU4ODAwNDU0Y2Q0Y2NkNWNkMTliODc0ODAxMDAwODA2YzA2ODRjODQ4ODg4ODhjMDBjMDFjYzA1MGQ1ZDA4MDA4YTk5YTk5OWFiOWEzMzcwZTkwMDMwMDEwMGQ4MGQwOTk5MTA5MTExMTExOTgwMzAwNDAwMzliYWQzNTc0MjAwMjYwMGE2YWU4NGQ1ZDEwMDA4YTk5YTk5OWFiOWEzMzcwZTkwMDQwMDEwMGQ4MGQwOTkwOTExMTExMTgwMDgwMzk4MDMxYWJhMTAwMTE1MzM1MzMzNTczNDY2ZTFkMjAwYTAwMjAxYjAxYTEzMzIyMTIyMjIyMjMzMDA0MDA4MDA3Mzc1YTZhZTg0MDA0YzAxMGQ1ZDA5YWJhMjAwMTEzMDE2NDkwMTAzNTA1NDMxMDAzNTU3M2MwMDQ2YWFlNzQwMDRkZDUxYWJhMTM1NzQ0MDBhNDY0NjQ2NGE2NmE2NjZhZTY4Y2RjM2E0MDAwMDA0MDM2MDM0MjY0NjY2NDQ0MjQ2NjYwMDIwMDgwMDYwMDQ2ZWI0ZDVkMDgwMTE4MGE5YWJhMTAwMTMyMzIzMjUzMzUzMzM1NzM0NjZlMWQyMDAwMDAyMDFmMDFlMTMyMzMzMjIyMTIyMjIyMjIzMzMwMDMwMGEwMDkwMDgzMzAxYTAxNzM1NzQyMDA0NmFlODQwMDRjYzA2OWQ3MWFiYTEzNTc0NDAwMjZhZTg4MDA0NTRjZDRjY2Q1Y2QxOWI4NzQ4MDA4MDA4MDdjMDc4NGNjODg0ODg4ODg4OGNjMDFjMDI0MDIwY2MwNjQwNThkNWQwODAwOTkxOTE5Mjk5YTk5OWFiOWEzMzcwZTkwMDAwMDEwMTEwMTA4OTk5MTA5MTk4MDA4MDE4MDExYmFkMzU3NDIwMDI2ZWI0ZDVkMDlhYmEyMDAxMTMwMWQ0OTEwMzUwNTQzMTAwMzU1NzNjMDA0NmFhZTc0MDA0ZGQ1MWFiYTEzNTc0NDAwMjJhNjZhNjY2YWU2OGNkYzNhNDAwODAwNDAzZTAzYzI2NjQ0MjQ0NDQ0NDQ2NjAwNDAxMjAxMDY2NjAzNjAzMGViNGQ1ZDA4MDA5OTgwY2JhZTM1NzQyNmFlODgwMDQ1NGNkNGNjZDVjZDE5Yjg3NDgwMTgwMDgwN2MwNzg0Yzg0ODg4ODg4OGMwMTAwMjBjYzA2NDA1OGQ1ZDA4MDA4YTk5YTk5OWFiOWEzMzcwZTkwMDQwMDEwMGY4MGYwOTkxOTE5OTk5MTExMDkxMTExMTExOTk5ODAwODA1ODA1MDA0ODA0MTk4MGQ4MGMxYWJhMTAwMzMzMDE5MDFhMzU3NDIwMDQ2NjYwM2EwMzRlYjRkNWQwODAwOWE5OTE5MTkyOTlhOTk5YWI5YTMzNzBlOTAwMDAwMTAxMjAxMTg5OTgxNDliYWQzNTc0MjAwMjZlYjRkNWQwOWFiYTIwMDExMzAxZjQ5MDEwMzUwNTQzMTAwMzU1NzNjMDA0NmFhZTc0MDA0ZGQ1MWFiYTEzNTc0NDAwMjQ0NjYwMmEwMDQwMDI2YWU4ODAwNGQ1ZDEwMDA4YTk5YTk5OWFiOWEzMzcwZTkwMDUwMDEwMGY4MGYwOTk5MTA5MTExMTExMTk4MDI4MDQ4MDQxOTgwYzgwYjFhYmExMDAxMzIzMjMyNTMzNTMzMzU3MzQ2NmUxZDIwMDAwMDIwMjIwMjExMzMwMWM3NWM2YWU4NDAwNDRjMDc1MjQxMDM1MDU0MzEwMDM1NTczYzAwNDZhYWU3NDAwNGRkNTFhYmExMzU3NDQwMDIyYTY2YTY2NmFlNjhjZGMzYTQwMTgwMDQwM2UwM2MyMjQ0NDQ0NDQwMGMyNjAzNDkyMTAzNTA1NDMxMDAzNTU3M2MwMDQ2YWFlNzQwMDRkZDUxYWJhMTM1NzQ0MDAyNmFlODgwMDQ0YzA1OTI0MTAzNTA1NDMxMDAzNTU3M2MwMDQ2YWFlNzQwMDRkZDUwMDA5MTkxOTE5Mjk5YTk5OWFiOWEzMzcwZTkwMDAwMDEwMGQwMGM4OTk5MTA5MTExMTExMTExMTE5ODAyODA2ODA2MTgwOTlhYmExMDAxMzMwMTQ3NWE2YWU4NGQ1ZDEwMDA4YTk5YTk5OWFiOWEzMzcwZTkwMDEwMDEwMGQwMGM4OTk5MTA5MTExMTExMTExMTE5ODAxMDA2ODA2MTgwOTlhYmExMDAxMzMwMTQ3NWE2YWU4NGQ1ZDEwMDA4YTk5MTlhOTk5YWI5YTMzNzBlOTAwMjAwMTgwZDgwZDA5OTkxMDkxMTExMTExMTExMTk4MDUwMDY4MDYxODBhMWFiYTEwMDIzMDAxMzU3NDI2YWU4ODAwODU0Y2Q0Y2NkNWNkMTliODc0ODAxODAwYzA2YzA2ODRjOGNjYzg4ODQ4ODg4ODg4ODg4OGNjYzAxODAzODAzNDAzMGMwNTRkNWQwODAxOTgwMTFhYmExMDAxMzc1YTZhZTg0ZDVkMTAwMDlhYmEyMDAyMTUzMzUzMzM1NzM0NjZlMWQyMDA4MDAzMDFiMDFhMTMzMjIxMjIyMjIyMjIyMjIzMzAwNzAwZDAwYzMwMTQzNTc0MjAwNDZlYjRkNWQwOWFiYTIwMDIxNTMzNTMzMzU3MzQ2NmUxZDIwMGEwMDMwMWIwMWExMzIxMjIyMjIyMjIyMjIzMDAxMDBjMzAxNDM1NzQyMDA0MmE2NmE2NjZhZTY4Y2RjM2E0MDE4MDA2MDM2MDM0MjY2NDQyNDQ0NDQ0NDQ0NDQ2NjAwNjAxYTAxODYwMjg2YWU4NDAwOGRkNjlhYmExMzU3NDQwMDQyYTY2YTY2NmFlNjhjZGMzYTQwMWMwMDYwMzYwMzQyNjY0NDI0NDQ0NDQ0NDQ0NDY2MDEyMDFhMDE4NmViOGQ1ZDA4MDExYmFlMzU3NDI2YWU4ODAwODU0Y2Q0Y2NkNWNkMTliODc0ODA0MDAwYzA2YzA2ODRjYzg4NDg4ODg4ODg4ODg4Y2MwMjAwMzQwMzBkZDcxYWJhMTAwMjM3NWE2YWU4NGQ1ZDEwMDEwYTk5YTk5OWFiOWEzMzcwZTkwMDkwMDE4MGQ4MGQwOTk5MTA5MTExMTExMTExMTE5ODA1ODA2ODA2MTgwYTFhYmExMDAyMzAxNDM1NzQyNmFlODgwMDg1NGNkNGNjZDVjZDE5Yjg3NDgwNTAwMGMwNmMwNjg0Yzg0ODg4ODg4ODg4ODhjMDEwMDMwYzA1MGQ1ZDA4MDEwOTgwYjI0ODEwMzUwNTQzMTAwMjMyMzIzMjUzMzUzMzM1NzM0NjZlMWQyMDAwMDAyMDFlMDFkMTMyMTIyMjMwMDMwMDQzNzVjNmFlODQwMDQ1NGM4Y2Q0Y2NkNWNkMTliODc0ODAwODAwYzA3YzA3ODRjODQ4ODhjMDA0MDEwYzAwNGQ1ZDA4MDEwYTk5YTk5OWFiOWEzMzcwZTkwMDIwMDE4MGY4MGYwOTk5MTA5MTExOTgwMTAwMjgwMjFiYWUzNTc0MjAwNDYwMDI2YWU4NGQ1ZDEwMDEwOTgwZDI0ODEwMzUwNTQzMTAwMjMyMzIzMjUzMzUzMzM1NzM0NjZlMWQyMDAwMDAyMDIyMDIxMTMyMTIyMjMwMDMwMDQzMDFiMzU3NDIwMDIyYTY2YTY2NmFlNjhjZGMzYTQwMDQwMDQwNDQwNDIyMjQ0NDAwNDJhNjZhNjY2YWU2OGNkYzNhNDAwODAwNDA0NDA0MjIyNDQ0MDAyMjYwM2E5MjEwMzUwNTQzMTAwMzU1NzNjMDA0NmFhZTc0MDA0ZGQ1MDAwOWFhYjllMDAyMzU1NzNhMDAyNmVhODAwNGQ1NWNmMDAxMWFhYjlkMDAxMzc1NDAwMjQ2NDY0NjRhNjZhNjY2YWU2OGNkYzNhNDAwMDAwNDAzMjAzMDI2NDI0NDQ2MDA2MDA4NjAyNDZhZTg0MDA0NTRjZDRjY2Q1Y2QxOWI4NzQ4MDA4MDA4MDY0MDYwNGM4NDg4OGMwMDgwMTBjMDQ4ZDVkMDgwMDhhOTlhOTk5YWI5YTMzNzBlOTAwMjAwMTAwYzgwYzA5OTA5MTExODAwODAyMWJhZTM1NzQyMDAyMjYwMjg5MjEwMzUwNTQzMTAwMzU1NzNjMDA0NmFhZTc0MDA0ZGQ1MDAwOTE5MTkxOTI5OWE5OTlhYjlhMzM3MGU5MDAwMDAxMDBjMDBiODk5OTEwOTE5ODAwODAxODAxMWJhZTM1NzQyMDAyNmViNGQ1ZDA5YWJhMjAwMTEzMDEzNDkxMDM1MDU0MzEwMDM1NTczYzAwNDZhYWU3NDAwNGRkNTAwMDlhYmEyMDAxMTMwMGU0OTEwMzUwNTQzMTAwMzU1NzNjMDA0NmFhZTc0MDA0ZGQ1MDAwOTExMDAxOTExMTExMTExMTExMTExMTE4MGYwMDMxMDgwODg4MDc4YTRjMjYwMTY5MjEwMzUwNTQzNTAwMzAxNDIyMjUzMzUzMzM1NzM0NjZlMWQyMDAwMDAxMDExMDEwMTMwMGM0OTEwMzUwNTQzMzAwMTUzMzUzMzM1NzM0NjZlMjAwMDUyMDAwMDExMDEwMTMzMDAzMzM3MDI5MDAwMDAxMTliODE0ODAwMDAwNDRjOGNjODg0OGNjMDA0MDBjMDA4Y2RjMjAwMTgwMDk5Yjg0MDAyMDAxMzMwMDQwMDIwMDEzMDEzMjIyNTMzNTMzMzU3MzQ2NmUxZDIwMDAwMDEwMTAwMGYxMDAyMTMzMDAzMDAxMzM3MGMwMDQwMDI0MDAyNDY0NjQ2NGE2NmE2NjZhZTY4Y2RjM2E0MDAwMDA0MDFlMDFjMjAxYzJhNjZhNjY2YWU2OGNkYzNhNDAwNDAwNDAxZTAxYzIwMWUyNjAxNDkyMDEwMzUwNTQzMTAwMzU1NzNjMDA0NmFhZTc0MDA0ZGQ1MDAwOTExOTE5MTkyOTlhOTk5YWI5YTMzNzBlOTAwMDAwMTAwNzgwNzA4OTExMDAxMGE5OWE5OTlhYjlhMzM3MGU5MDAxMDAxMDA3ODA3MDk5MDkxMTE4MDE4MDIxODAyOWFiYTEwMDExNTMzNTMzMzU3MzQ2NmUxZDIwMDQwMDIwMGYwMGUxMTIyMjAwMTEzMDBhNDkwMTAzNTA1NDMxMDAzNTU3M2MwMDQ2YWFlNzQwMDRkZDUwMDA5MTkxOTE5Mjk5YTk5OWFiOWEzMzcwZTkwMDAwMDEwMDY4MDYwOTk5MTA5MTk4MDA4MDE4MDExYmFlMzU3NDIwMDI2ZWI0ZDVkMDlhYmEyMDAxMTMwMDg0OTEwMzUwNTQzMTAwMzU1NzNjMDA0NmFhZTc0MDA0ZGQ1MDAwOTE5MTE4MDExYmFjMDAxMzAwZjIyMzMzMzU1NzNlMDAyNDAxYzQ2NmEwMWE2MDA4NmFlODQwMDhjMDBjZDVkMTAwMTAwNDExOTE5MTkyOTlhOTk5YWI5YTMzNzBlOTAwMDAwMTAwNTgwNTA5OTA5MTE4MDEwMDE5YmFlMzU3NDIwMDIyYTY2YTY2NmFlNjhjZGMzYTQwMDQwMDQwMTYwMTQyNjQyNDQ2MDAyMDA2NmViOGQ1ZDA4MDA4OTgwMzI0ODEwMzUwNTQzMTAwMzU1NzNjMDA0NmFhZTc0MDA0ZGQ1MDAwOTExOTE5MTkyOTlhOTk5YWI5YTMzNzBlOTAwMTAwMTAwNTgwNTBhODA3MGE5OWE5OTlhYjlhMzM3MGU5MDAwMDAxMDA1ODA1MDk4MDc5ODAyOWFiYTEwMDExMzAwNjQ5MDEwMzUwNTQzMTAwMzU1NzNjMDA0NmFhZTc0MDA0ZGQ1MDAwOTE5MzE5YWI5YzAwMTAwMzIyMzIyMzAwMjM3NTYwMDI2MDE4NDQ2NjY2YWFlN2MwMDQ4MDJjOGM4Y2Q0MDJjY2MwM2NjMDE4ZDU1Y2U4MDA5ODAyOWFhYjllMDAxMzAwNDM1NzQ0MDA2NmFlODQwMDgwMTQ0ODAwNGMwMjA4OTRjZDQwMDQ1NDAxYzg4NGQ0MDA4ODk0Y2Q0Y2NkNWNkMTliOGY0ODgxMjEwMTA0MzEyNzc1YWRkOTNlZDU3YzMwMWZhYjc1MDFmNzRiZWIzZGJjM2E3MGE2NTllZjM2YmNlYTZlYmI4YTNlMjUwMDAwMjAwODAwNzEzMDBjMDAxMTMwMDYwMDMxMjIwMDIxMjIwMDExMjIwMDIxMjIxMjIzMzAwMTAwNDAwMzIxMjIzMDAyMDAzMTEyMjAwMTIyMTIzMzAwMTAwMzAwMjIzMjMwMDEwMDEyMzAwMjIzMzAwMjAwMjAwMTAx
