Error decoding ScriptData JSON value: JSON schema error within the script data: null
JSON null values are not supported.