JSON schema error within the script data: "<JSON>"
JSON null values are not supported.