Unexpected Bech32 prefix: the actual prefix is "<text>", but it was expected to be "<text>"