{
    "94": {
        "map": [
            {
                "k": {
                    "int": 2
                },
                "v": {
                    "bytes": "29093fd43fc30ba31e306af06ce8537390e1668ae7496fe53d53684683c3762c"
                }
            },
            {
                "k": {
                    "int": 3
                },
                "v": {
                    "int": 1
                }
            },
            {
                "k": {
                    "int": 5
                },
                "v": {
                    "list": [
                        {
                            "bytes": "29ade2115fbcbc17f063eec41ec0d358ccc5b52c2bccb47c0918727695619a68"
                        },
                        {
                            "bytes": "6458ff100279aed89b0ea08a57ddbf3b77e7c6802b8c23840da7df80b60f37c0ddd445499d247d27d7e7adaa189db001d0f1eddc2229daa6be7509c43cc23501"
                        }
                    ]
                }
            }
        ]
    }
}
