{
    "94": {
        "map": [
            {
                "k": {
                    "int": 2
                },
                "v": {
                    "bytes": "29093fd43fc30ba31e306af06ce8537390e1668ae7496fe53d53684683c3762c"
                }
            },
            {
                "k": {
                    "int": 3
                },
                "v": {
                    "int": 1
                }
            },
            {
                "k": {
                    "int": 4
                },
                "v": {
                    "list": [
                        {
                            "bytes": "2dc2fa217af8b52251c4cdf538fa106cbf0b5beac3e74d05f97ceb33c0147a2c"
                        },
                        {
                            "list": [
                                {
                                    "bytes": "c1c4d0cf60529f091431c456bf528b23d384f641afc536d1347b0889e9fd45d47e422249ac4bb5bdd75c205ea35c1ef2d89d96c0f06070590a98db7dba659647"
                                },
                                {
                                    "bytes": "9a440df4e70830b22b86accbeab7bc07"
                                }
                            ]
                        }
                    ]
                }
            }
        ]
    }
}
