The value in the field "<text>" does not have the type required by the schema.
Unexpected value: "<JSON>"