The supplied UTxO is missing the txin 210c0a4bb6391baf606843e67863d1474cc462374ab12c42d55f78a0b55b56e0#1