Error translating the transaction context: TimeTranslationPastHorizon "<text>"