Cannot read constitution: Cannot decode input: seq