Cannot read stake credential: Stake address deposit required.